// Jest Snapshot v1, https://goo.gl/fbAQLP

exports[`Logo render default 1`] = `
<div>
  <div
    class="bg-cover bg-center "
  />
</div>
`;
